CF=1.50, COV=6, UL=12, PL=6, TL=2, Pat=P(p(0.0,0.0),p(0.0,2.0),p(1.0,1.0)), Trans=[T(F_2T,[1.0, 0.0])], SupMTPs=null



Log:
     0 ms	1620130717961 ms, 0 ms:	computeMaximalTransformablePatterns starts
    32 ms	1620130717993 ms, 32 ms:	computeMaximalTransformablePatterns ends
     1 ms	1620130717994 ms, 1 ms:	computeSizeMTPSetArray ends
     2 ms	1620130717996 ms, 2 ms:	computePatternTransformationSetPairs ends
     1 ms	1620130717997 ms, 1 ms:	computeSuperMTPs ends
    10 ms	1620130718007 ms, 10 ms:	computeHeterogeneousOccurrenceSets ends
     0 ms	1620130718007 ms, 0 ms:	removeDuplicateOccurrenceSets ends
     2 ms	1620130718009 ms, 2 ms:	removeRedundantTransformations ends
     0 ms	1620130718009 ms, 0 ms:	removeOccurrenceSetsWithEmptyTransformationSets ends
     0 ms	1620130718009 ms, 0 ms:	computeSortedOccurrenceSets ends
     1 ms	1620130718010 ms, 1 ms:	computeEncoding ends
     0 ms	1620130718010 ms, 0 ms:	Program ends
Total time without printed output: 49
Total time with printed output: 49
Number of points: 6
Number of MTPs before removal: 2
Number of OSs after removal: 1
