CF=1.20, COV=6, UL=12, PL=6, TL=4, Pat=P(p(0.0,0.0),p(0.0,2.0),p(1.0,1.0)), Trans=[T(F_2STR,[1.0, 1.0, -2.0, -1.0])], SupMTPs=null



Log:
     0 ms	1620130666141 ms, 0 ms:	computeMaximalTransformablePatterns starts
    38 ms	1620130666179 ms, 38 ms:	computeMaximalTransformablePatterns ends
     1 ms	1620130666180 ms, 1 ms:	computeSizeMTPSetArray ends
     2 ms	1620130666182 ms, 2 ms:	computePatternTransformationSetPairs ends
     1 ms	1620130666183 ms, 1 ms:	computeSuperMTPs ends
    10 ms	1620130666193 ms, 10 ms:	computeHeterogeneousOccurrenceSets ends
     1 ms	1620130666194 ms, 1 ms:	removeDuplicateOccurrenceSets ends
     2 ms	1620130666196 ms, 2 ms:	removeRedundantTransformations ends
     0 ms	1620130666196 ms, 0 ms:	removeOccurrenceSetsWithEmptyTransformationSets ends
     1 ms	1620130666197 ms, 1 ms:	computeSortedOccurrenceSets ends
     0 ms	1620130666197 ms, 0 ms:	computeEncoding ends
     0 ms	1620130666197 ms, 0 ms:	Program ends
Total time without printed output: 56
Total time with printed output: 56
Number of points: 6
Number of MTPs before removal: 19
Number of OSs after removal: 2
